// Jest Snapshot v1, https://goo.gl/fbAQLP

exports[`<Recommended /> should render and match the snapshot 1`] = `
<body>
  <div>
    <div
      class="Recommended__StyledRecommendedContainer-sc-1a3frhj-0 bFbAXf"
      data-testid="recommended"
    >
      <div
        data-testid="recommendTag"
      >
        <span
          class="ant-tag styled__ClickableTags-sc-15gkald-2 kagfWg"
        >
          Baarishein
           ðŸŽ¶ 
        </span>
      </div>
    </div>
  </div>
</body>
`;
