// Jest Snapshot v1, https://goo.gl/fbAQLP

exports[`<ErrorState /> should render and match the snapshot 1`] = `
<body>
  <div>
    <div
      class="ant-card ant-card-bordered styled__CustomCard-sc-15gkald-1 kUFFUB"
      color="grey"
      data-testid="error-state"
    >
      <div
        class="ant-card-head"
      >
        <div
          class="ant-card-head-wrapper"
        >
          <div
            class="ant-card-head-title"
          >
            repo_list
          </div>
        </div>
      </div>
      <div
        class="ant-card-body"
      >
        <p
          class="T__StyledText-sc-apdcd0-0 fjJkvM"
          data-testid="t"
        >
          respo_search_default
        </p>
      </div>
    </div>
  </div>
</body>
`;
