// Jest Snapshot v1, https://goo.gl/fbAQLP

exports[`<TrackCard /> should render and match the snapshot 1`] = `
<body>
  <div>
    <div
      class="ant-card ant-card-bordered TrackCard__TrackCardWrapper-sc-k4gp1w-0 fuDzyM"
      data-testid="track-card"
    >
      <div
        class="ant-card-body"
      >
        <div
          class="ant-image"
          style="width: 80%;"
        >
          <img
            alt="collecition"
            class="ant-image-img"
            src="https://is5-ssl.mzstatic.com/image/thumb/Music116/v4/5a/47/6d/5a476ddd-4690-1297-1896-6a286a497a21/191404113974.png/100x100bb.jpg"
          />
          <div
            class="ant-image-mask"
          >
            <div
              class="ant-image-mask-info"
            >
              <span
                aria-label="eye"
                class="anticon anticon-eye"
                role="img"
              >
                <svg
                  aria-hidden="true"
                  data-icon="eye"
                  fill="currentColor"
                  focusable="false"
                  height="1em"
                  viewBox="64 64 896 896"
                  width="1em"
                >
                  <path
                    d="M942.2 486.2C847.4 286.5 704.1 186 512 186c-192.2 0-335.4 100.5-430.2 300.3a60.3 60.3 0 000 51.5C176.6 737.5 319.9 838 512 838c192.2 0 335.4-100.5 430.2-300.3 7.7-16.2 7.7-35 0-51.5zM512 766c-161.3 0-279.4-81.8-362.7-254C232.6 339.8 350.7 258 512 258c161.3 0 279.4 81.8 362.7 254C791.5 684.2 673.4 766 512 766zm-4-430c-97.2 0-176 78.8-176 176s78.8 176 176 176 176-78.8 176-176-78.8-176-176-176zm0 288c-61.9 0-112-50.1-112-112s50.1-112 112-112 112 50.1 112 112-50.1 112-112 112z"
                  />
                </svg>
              </span>
              Preview
            </div>
          </div>
        </div>
        <div
          class="TrackCard__StyledDescription-sc-k4gp1w-1 yMRaE"
        >
          <div
            class="ant-typography"
          >
            <span
              class="TrackCard__StyledSpan-sc-k4gp1w-2 kMUszr"
            >
               Artist name: 
            </span>
             
            Adele
          </div>
          <div
            class="ant-typography"
          >
            <span
              class="TrackCard__StyledSpan-sc-k4gp1w-2 kMUszr"
            >
               Collection name: 
            </span>
             
            collecition
          </div>
          <div
            class="ant-typography"
          >
            <span
              class="TrackCard__StyledSpan-sc-k4gp1w-2 kMUszr"
            >
               Track name: 
            </span>
             
            Hello
          </div>
          <div
            class="ant-typography"
          >
            <span
              class="TrackCard__StyledSpan-sc-k4gp1w-2 kMUszr"
            >
               Country: 
            </span>
             
            India
          </div>
          <div
            class="ant-typography"
          >
            <span
              class="TrackCard__StyledSpan-sc-k4gp1w-2 kMUszr"
            >
               Kind: 
            </span>
             
            Kind
          </div>
          <div
            class="ant-typography"
          >
            <span
              class="TrackCard__StyledSpan-sc-k4gp1w-2 kMUszr"
            >
               Genre: 
            </span>
             
            abc
          </div>
          <div
            class="ant-typography"
          >
            <span
              class="TrackCard__StyledSpan-sc-k4gp1w-2 kMUszr"
            >
               Wrapper Type: 
            </span>
             
            Rap
          </div>
          <div
            class="ant-typography"
          >
            <span
              class="TrackCard__StyledSpan-sc-k4gp1w-2 kMUszr"
            >
               Duration: 
            </span>
             
            4
            :
            55
            s
          </div>
        </div>
        <div
          class="TrackCard__ButtonWrapper-sc-k4gp1w-3 ilHQNx"
        >
          <button
            class="TrackCard__PlayButton-sc-k4gp1w-5 jELdXO"
            data-testid="playPauseBtn"
          >
            <span
              class="TrackCard__ButtonLabel-sc-k4gp1w-6 shsTk"
            >
               Play 
            </span>
          </button>
        </div>
        <audio
          data-testid="trackAudio"
          src="22233223"
        />
      </div>
    </div>
  </div>
</body>
`;
